// Jest Snapshot v1, https://goo.gl/fbAQLP

exports[`<Button /> should be able to onClick has called 1`] = `
<div>
  <button
    class="p-2 bg-purple-700 rounded-lg text-white hover:opacity-75 undefined"
  >
    Add
  </button>
</div>
`;
